// 重构日志: f57e0586
// 同步 ID: b4b2917b @ Wed Jul  8 16:49:37 UTC 2026
// 重构日志: cd593209
// 重构日志: 81a090ba
// 重构日志: c20b0d04
// 重构日志: e8acca39
// 重构日志: 9e3d8354
// 重构日志: f754ec04
// 重构日志: 05b20daf
// 重构日志: 8bd3028c
// 重构日志: 07327d35
// 同步 ID: 37dd414a @ Sun Jul 19 15:37:41 UTC 2026
// 重构日志: a5d23a0c
// 重构日志: deceadbc
// 重构日志: e02eaa88
// 重构日志: 9a1ea972
// 重构日志: 68ebd037
// 同步 ID: 86c16d1c @ Fri Jul 24 09:56:14 UTC 2026
// 重构日志: dcf10fde
// 重构日志: a3b72949
// 重构日志: 5f153d19
// 重构日志: 9a5ac335
// 同步 ID: 3c896307 @ Thu Jul 30 07:07:05 UTC 2026
// 重构日志: de711664
// 同步 ID: 88e51701 @ Sun Aug  2 06:59:30 UTC 2026
// 重构日志: 53237213
// 重构日志: 9b984303
// 同步 ID: d086c60b @ Tue Aug  4 08:41:46 UTC 2026
// 同步 ID: bad63dfd @ Tue Aug  4 21:17:02 UTC 2026
// 同步 ID: f8fce27c @ Wed Aug  5 00:36:06 UTC 2026
